OpenJDK 64-Bit Server VM (25.111-b14) for linux-amd64 JRE (1.8.0_111-8u111-b14-2~bpo8+1-b14), built on Oct 25 2016 14:12:04 by "pbuilder" with gcc 4.9.2
Memory: 4k page, physical 8164760k(3577264k free), swap 1048572k(1048572k free)
CommandLine flags: -XX:+DisableExplicitGC -XX:InitialHeapSize=1073741824 -XX:InitiatingHeapOccupancyPercent=35 -XX:+ManagementServer -XX:MaxGCPauseMillis=20 -XX:MaxHeapSize=1073741824 -XX:+PrintGC -XX:+PrintGCDateStamps -XX:+PrintGCDetails -XX:+PrintGCTimeStamps -XX:+UseCompressedClassPointers -XX:+UseCompressedOops -XX:+UseG1GC 
2017-04-12T23:36:42.758+0000: 2.423: [GC pause (G1 Evacuation Pause) (young), 0.0111728 secs]
   [Parallel Time: 7.1 ms, GC Workers: 4]
      [GC Worker Start (ms): Min: 2423.7, Avg: 2425.1, Max: 2426.6, Diff: 2.9]
      [Ext Root Scanning (ms): Min: 0.1, Avg: 0.9, Max: 2.0, Diff: 2.0, Sum: 3.7]
      [Update RS (ms): Min: 0.0, Avg: 0.0, Max: 0.0, Diff: 0.0, Sum: 0.0]
         [Processed Buffers: Min: 0, Avg: 0.0, Max: 0, Diff: 0, Sum: 0]
      [Scan RS (ms): Min: 0.0, Avg: 0.1, Max: 0.1, Diff: 0.1, Sum: 0.2]
      [Code Root Scanning (ms): Min: 0.0, Avg: 1.1, Max: 3.9, Diff: 3.9, Sum: 4.5]
      [Object Copy (ms): Min: 0.6, Avg: 2.4, Max: 4.3, Diff: 3.7, Sum: 9.5]
      [Termination (ms): Min: 0.0, Avg: 0.1, Max: 0.1, Diff: 0.1, Sum: 0.2]
         [Termination Attempts: Min: 1, Avg: 1.2, Max: 2, Diff: 1, Sum: 5]
      [GC Worker Other (ms): Min: 0.0, Avg: 1.1, Max: 4.2, Diff: 4.2, Sum: 4.3]
      [GC Worker Total (ms): Min: 4.1, Avg: 5.6, Max: 7.0, Diff: 2.9, Sum: 22.5]
      [GC Worker End (ms): Min: 2430.7, Avg: 2430.7, Max: 2430.7, Diff: 0.0]
   [Code Root Fixup: 0.1 ms]
   [Code Root Purge: 0.0 ms]
   [Clear CT: 0.2 ms]
   [Other: 3.8 ms]
      [Choose CSet: 0.0 ms]
      [Ref Proc: 3.0 ms]
      [Ref Enq: 0.0 ms]
      [Redirty Cards: 0.3 ms]
      [Humongous Register: 0.1 ms]
      [Humongous Reclaim: 0.0 ms]
      [Free CSet: 0.1 ms]
   [Eden: 51.0M(51.0M)->0.0B(44.0M) Survivors: 0.0B->7168.0K Heap: 51.0M(1024.0M)->9055.5K(1024.0M)]
 [Times: user=0.01 sys=0.00, real=0.02 secs] 
2017-04-12T23:36:43.182+0000: 2.847: [GC pause (Metadata GC Threshold) (young) (initial-mark), 0.0131345 secs]
   [Parallel Time: 10.6 ms, GC Workers: 4]
      [GC Worker Start (ms): Min: 2847.8, Avg: 2848.4, Max: 2848.9, Diff: 1.0]
      [Ext Root Scanning (ms): Min: 1.7, Avg: 7.8, Max: 10.2, Diff: 8.5, Sum: 31.1]
      [Update RS (ms): Min: 0.0, Avg: 0.0, Max: 0.1, Diff: 0.1, Sum: 0.2]
         [Processed Buffers: Min: 0, Avg: 0.5, Max: 2, Diff: 2, Sum: 2]
      [Scan RS (ms): Min: 0.0, Avg: 0.0, Max: 0.1, Diff: 0.1, Sum: 0.1]
      [Code Root Scanning (ms): Min: 0.0, Avg: 0.2, Max: 0.6, Diff: 0.6, Sum: 0.6]
      [Object Copy (ms): Min: 0.1, Avg: 1.8, Max: 6.5, Diff: 6.5, Sum: 7.1]
      [Termination (ms): Min: 0.0, Avg: 0.2, Max: 0.4, Diff: 0.4, Sum: 0.6]
         [Termination Attempts: Min: 1, Avg: 1.0, Max: 1, Diff: 0, Sum: 4]
      [GC Worker Other (ms): Min: 0.0, Avg: 0.0, Max: 0.0, Diff: 0.0, Sum: 0.1]
      [GC Worker Total (ms): Min: 9.5, Avg: 9.9, Max: 10.5, Diff: 1.0, Sum: 39.8]
      [GC Worker End (ms): Min: 2858.3, Avg: 2858.3, Max: 2858.3, Diff: 0.0]
   [Code Root Fixup: 0.2 ms]
   [Code Root Purge: 0.0 ms]
   [Clear CT: 0.2 ms]
   [Other: 2.1 ms]
      [Choose CSet: 0.0 ms]
      [Ref Proc: 1.4 ms]
      [Ref Enq: 0.0 ms]
      [Redirty Cards: 0.2 ms]
      [Humongous Register: 0.1 ms]
      [Humongous Reclaim: 0.0 ms]
      [Free CSet: 0.1 ms]
   [Eden: 17.0M(44.0M)->0.0B(44.0M) Survivors: 7168.0K->7168.0K Heap: 153.8M(1024.0M)->137.0M(1024.0M)]
 [Times: user=0.01 sys=0.00, real=0.01 secs] 
2017-04-12T23:36:43.196+0000: 2.862: [GC concurrent-root-region-scan-start]
2017-04-12T23:36:43.200+0000: 2.866: [GC concurrent-root-region-scan-end, 0.0040992 secs]
2017-04-12T23:36:43.200+0000: 2.866: [GC concurrent-mark-start]
2017-04-12T23:36:43.201+0000: 2.866: [GC concurrent-mark-end, 0.0006182 secs]
2017-04-12T23:36:43.201+0000: 2.867: [GC remark 2017-04-12T23:36:43.201+0000: 2.867: [Finalize Marking, 0.0006755 secs] 2017-04-12T23:36:43.202+0000: 2.868: [GC ref-proc, 0.0004768 secs] 2017-04-12T23:36:43.204+0000: 2.870: [Unloading, 0.0037688 secs], 0.0085802 secs]
 [Times: user=0.00 sys=0.01, real=0.00 secs] 
2017-04-12T23:36:43.211+0000: 2.876: [GC cleanup 137M->136M(1024M), 0.0071993 secs]
 [Times: user=0.01 sys=0.00, real=0.00 secs] 
2017-04-12T23:36:43.219+0000: 2.885: [GC concurrent-cleanup-start]
2017-04-12T23:36:43.219+0000: 2.885: [GC concurrent-cleanup-end, 0.0000208 secs]
2017-04-12T23:47:16.573+0000: 636.239: [GC pause (G1 Evacuation Pause) (young), 0.0113850 secs]
   [Parallel Time: 7.9 ms, GC Workers: 4]
      [GC Worker Start (ms): Min: 636239.3, Avg: 636240.5, Max: 636241.7, Diff: 2.4]
      [Ext Root Scanning (ms): Min: 0.1, Avg: 0.8, Max: 2.1, Diff: 2.0, Sum: 3.2]
      [Update RS (ms): Min: 0.0, Avg: 0.0, Max: 0.2, Diff: 0.2, Sum: 0.2]
         [Processed Buffers: Min: 0, Avg: 0.8, Max: 3, Diff: 3, Sum: 3]
      [Scan RS (ms): Min: 0.0, Avg: 0.1, Max: 0.1, Diff: 0.1, Sum: 0.2]
      [Code Root Scanning (ms): Min: 0.4, Avg: 1.6, Max: 4.6, Diff: 4.1, Sum: 6.5]
      [Object Copy (ms): Min: 1.8, Avg: 3.9, Max: 5.0, Diff: 3.2, Sum: 15.6]
      [Termination (ms): Min: 0.0, Avg: 0.1, Max: 0.1, Diff: 0.1, Sum: 0.3]
         [Termination Attempts: Min: 1, Avg: 1.5, Max: 3, Diff: 2, Sum: 6]
      [GC Worker Other (ms): Min: 0.0, Avg: 0.0, Max: 0.1, Diff: 0.0, Sum: 0.2]
      [GC Worker Total (ms): Min: 5.3, Avg: 6.5, Max: 7.7, Diff: 2.4, Sum: 26.1]
      [GC Worker End (ms): Min: 636247.0, Avg: 636247.0, Max: 636247.1, Diff: 0.0]
   [Code Root Fixup: 0.6 ms]
   [Code Root Purge: 0.1 ms]
   [Clear CT: 0.6 ms]
   [Other: 2.2 ms]
      [Choose CSet: 0.0 ms]
      [Ref Proc: 1.2 ms]
      [Ref Enq: 0.0 ms]
      [Redirty Cards: 0.4 ms]
      [Humongous Register: 0.1 ms]
      [Humongous Reclaim: 0.0 ms]
      [Free CSet: 0.2 ms]
   [Eden: 44.0M(44.0M)->0.0B(45.0M) Survivors: 7168.0K->6144.0K Heap: 180.0M(1024.0M)->138.1M(1024.0M)]
 [Times: user=0.03 sys=0.00, real=0.01 secs] 
2017-04-13T00:08:14.736+0000: 1894.402: [GC pause (G1 Evacuation Pause) (young), 0.0078405 secs]
   [Parallel Time: 5.7 ms, GC Workers: 4]
      [GC Worker Start (ms): Min: 1894402.0, Avg: 1894402.1, Max: 1894402.2, Diff: 0.2]
      [Ext Root Scanning (ms): Min: 0.5, Avg: 0.9, Max: 1.5, Diff: 1.0, Sum: 3.6]
      [Update RS (ms): Min: 0.0, Avg: 0.3, Max: 0.6, Diff: 0.6, Sum: 1.0]
         [Processed Buffers: Min: 0, Avg: 4.5, Max: 11, Diff: 11, Sum: 18]
      [Scan RS (ms): Min: 0.1, Avg: 0.2, Max: 0.4, Diff: 0.3, Sum: 0.8]
      [Code Root Scanning (ms): Min: 0.2, Avg: 1.4, Max: 4.1, Diff: 3.9, Sum: 5.5]
      [Object Copy (ms): Min: 0.1, Avg: 2.6, Max: 3.8, Diff: 3.7, Sum: 10.5]
      [Termination (ms): Min: 0.0, Avg: 0.1, Max: 0.2, Diff: 0.2, Sum: 0.6]
         [Termination Attempts: Min: 1, Avg: 1.0, Max: 1, Diff: 0, Sum: 4]
      [GC Worker Other (ms): Min: 0.1, Avg: 0.1, Max: 0.1, Diff: 0.0, Sum: 0.2]
      [GC Worker Total (ms): Min: 5.4, Avg: 5.6, Max: 5.6, Diff: 0.2, Sum: 22.2]
      [GC Worker End (ms): Min: 1894407.6, Avg: 1894407.6, Max: 1894407.7, Diff: 0.0]
   [Code Root Fixup: 0.3 ms]
   [Code Root Purge: 0.0 ms]
   [Clear CT: 0.3 ms]
   [Other: 1.6 ms]
      [Choose CSet: 0.0 ms]
      [Ref Proc: 0.6 ms]
      [Ref Enq: 0.0 ms]
      [Redirty Cards: 0.4 ms]
      [Humongous Register: 0.1 ms]
      [Humongous Reclaim: 0.0 ms]
      [Free CSet: 0.1 ms]
   [Eden: 45.0M(45.0M)->0.0B(44.0M) Survivors: 6144.0K->7168.0K Heap: 183.1M(1024.0M)->138.6M(1024.0M)]
 [Times: user=0.02 sys=0.00, real=0.01 secs] 
2017-04-13T00:25:28.370+0000: 2928.036: [GC pause (G1 Evacuation Pause) (young), 0.0072898 secs]
   [Parallel Time: 5.2 ms, GC Workers: 4]
      [GC Worker Start (ms): Min: 2928036.1, Avg: 2928036.5, Max: 2928037.7, Diff: 1.6]
      [Ext Root Scanning (ms): Min: 0.1, Avg: 0.7, Max: 1.3, Diff: 1.2, Sum: 2.9]
      [Update RS (ms): Min: 0.0, Avg: 0.2, Max: 0.4, Diff: 0.4, Sum: 0.8]
         [Processed Buffers: Min: 0, Avg: 3.2, Max: 8, Diff: 8, Sum: 13]
      [Scan RS (ms): Min: 0.0, Avg: 0.1, Max: 0.1, Diff: 0.1, Sum: 0.3]
      [Code Root Scanning (ms): Min: 0.0, Avg: 1.3, Max: 3.5, Diff: 3.5, Sum: 5.3]
      [Object Copy (ms): Min: 0.2, Avg: 2.2, Max: 3.1, Diff: 2.9, Sum: 8.6]
      [Termination (ms): Min: 0.0, Avg: 0.1, Max: 0.1, Diff: 0.1, Sum: 0.4]
         [Termination Attempts: Min: 1, Avg: 1.2, Max: 2, Diff: 1, Sum: 5]
      [GC Worker Other (ms): Min: 0.0, Avg: 0.1, Max: 0.1, Diff: 0.0, Sum: 0.2]
      [GC Worker Total (ms): Min: 3.4, Avg: 4.6, Max: 5.0, Diff: 1.6, Sum: 18.3]
      [GC Worker End (ms): Min: 2928041.1, Avg: 2928041.1, Max: 2928041.1, Diff: 0.1]
   [Code Root Fixup: 0.2 ms]
   [Code Root Purge: 0.0 ms]
   [Clear CT: 0.3 ms]
   [Other: 1.6 ms]
      [Choose CSet: 0.0 ms]
      [Ref Proc: 0.5 ms]
      [Ref Enq: 0.0 ms]
      [Redirty Cards: 0.3 ms]
      [Humongous Register: 0.3 ms]
      [Humongous Reclaim: 0.0 ms]
      [Free CSet: 0.1 ms]
   [Eden: 44.0M(44.0M)->0.0B(47.0M) Survivors: 7168.0K->4096.0K Heap: 182.6M(1024.0M)->137.6M(1024.0M)]
 [Times: user=0.01 sys=0.01, real=0.01 secs] 
