OpenJDK 64-Bit Server VM (25.111-b14) for linux-amd64 JRE (1.8.0_111-8u111-b14-2~bpo8+1-b14), built on Oct 25 2016 14:12:04 by "pbuilder" with gcc 4.9.2
Memory: 4k page, physical 8164760k(3625296k free), swap 1048572k(1048572k free)
CommandLine flags: -XX:+DisableExplicitGC -XX:InitialHeapSize=536870912 -XX:InitiatingHeapOccupancyPercent=35 -XX:+ManagementServer -XX:MaxGCPauseMillis=20 -XX:MaxHeapSize=536870912 -XX:+PrintGC -XX:+PrintGCDateStamps -XX:+PrintGCDetails -XX:+PrintGCTimeStamps -XX:+UseCompressedClassPointers -XX:+UseCompressedOops -XX:+UseG1GC 
2017-04-13T00:20:56.976+0000: 2749.069: [GC pause (G1 Evacuation Pause) (young), 0.0096219 secs]
   [Parallel Time: 7.7 ms, GC Workers: 4]
      [GC Worker Start (ms): Min: 2749068.9, Avg: 2749070.7, Max: 2749073.1, Diff: 4.2]
      [Ext Root Scanning (ms): Min: 0.1, Avg: 0.7, Max: 1.6, Diff: 1.5, Sum: 2.9]
      [Update RS (ms): Min: 0.0, Avg: 0.0, Max: 0.0, Diff: 0.0, Sum: 0.0]
         [Processed Buffers: Min: 0, Avg: 0.0, Max: 0, Diff: 0, Sum: 0]
      [Scan RS (ms): Min: 0.0, Avg: 0.0, Max: 0.1, Diff: 0.1, Sum: 0.1]
      [Code Root Scanning (ms): Min: 0.0, Avg: 0.2, Max: 0.5, Diff: 0.5, Sum: 0.8]
      [Object Copy (ms): Min: 2.0, Avg: 3.8, Max: 5.5, Diff: 3.5, Sum: 15.2]
      [Termination (ms): Min: 0.0, Avg: 0.9, Max: 1.2, Diff: 1.2, Sum: 3.4]
         [Termination Attempts: Min: 1, Avg: 2.0, Max: 3, Diff: 2, Sum: 8]
      [GC Worker Other (ms): Min: 0.0, Avg: 0.1, Max: 0.1, Diff: 0.0, Sum: 0.2]
      [GC Worker Total (ms): Min: 3.3, Avg: 5.7, Max: 7.5, Diff: 4.2, Sum: 22.8]
      [GC Worker End (ms): Min: 2749076.4, Avg: 2749076.4, Max: 2749076.4, Diff: 0.0]
   [Code Root Fixup: 0.2 ms]
   [Code Root Purge: 0.0 ms]
   [Clear CT: 0.2 ms]
   [Other: 1.6 ms]
      [Choose CSet: 0.0 ms]
      [Ref Proc: 1.1 ms]
      [Ref Enq: 0.0 ms]
      [Redirty Cards: 0.1 ms]
      [Humongous Register: 0.1 ms]
      [Humongous Reclaim: 0.0 ms]
      [Free CSet: 0.1 ms]
   [Eden: 25.0M(25.0M)->0.0B(21.0M) Survivors: 0.0B->4096.0K Heap: 25.0M(512.0M)->3457.2K(512.0M)]
 [Times: user=0.02 sys=0.00, real=0.01 secs] 
